2026-08-19 22:53:26.158: [INFO] OnDoneLoading sync enabled: 0
2026-08-19 22:53:35.669: [INFO] OnDoneLoading sync enabled: 0
2026-08-21 21:43:45.014: [INFO] CurrentProfilePath: C:\Users\legumimi\Desktop\Biel\FIAP\Ano2\OOP\FiapRide\fiap-poo\.metadata\.plugins\org.eclipse.swt\EBWebView\Default
2026-08-21 21:43:45.014: [INFO] Profiles total count: 1
2026-08-21 21:43:45.015: [INFO] Profile: name=Profile 1 path=C:\Users\legumimi\Desktop\Biel\FIAP\Ano2\OOP\FiapRide\fiap-poo\.metadata\.plugins\org.eclipse.swt\EBWebView\Default lastActive=2026-08-19T22:53:26.665Z
2026-08-21 21:43:45.015: [INFO] LastUsedProfileDir: C:\Users\legumimi\Desktop\Biel\FIAP\Ano2\OOP\FiapRide\fiap-poo\.metadata\.plugins\org.eclipse.swt\EBWebView\Default
2026-08-21 21:43:45.015: [INFO] MostRecentlyActiveProfile: name=Profile 1 path=C:\Users\legumimi\Desktop\Biel\FIAP\Ano2\OOP\FiapRide\fiap-poo\.metadata\.plugins\org.eclipse.swt\EBWebView\Default lastActive=2026-08-19T22:53:26.665Z
2026-08-21 21:43:45.015: [INFO] OnDoneLoading sync enabled: 0
2026-08-21 21:43:45.015: [INFO] BookmarkModelLoaded, ids_reassigned: 0
2026-08-21 21:43:45.015: [INFO] BookmarksLoadDropped droppedNodes=0
2026-08-21 21:43:45.015: [INFO] BookmarksSnapshot Startup total=0 bar=0 other=0 mobile=0 showBar=0 showBarNTP=1
2026-08-21 21:44:33.045: [INFO] BookmarksSnapshot Shutdown total=0 bar=0 other=0 mobile=0 showBar=0 showBarNTP=1
2026-08-21 21:45:54.886: [INFO] CurrentProfilePath: C:\Users\legumimi\Desktop\Biel\FIAP\Ano2\OOP\FiapRide\fiap-poo\.metadata\.plugins\org.eclipse.swt\EBWebView\Default
2026-08-21 21:45:54.886: [INFO] Profiles total count: 1
2026-08-21 21:45:54.887: [INFO] Profile: name=Profile 1 path=C:\Users\legumimi\Desktop\Biel\FIAP\Ano2\OOP\FiapRide\fiap-poo\.metadata\.plugins\org.eclipse.swt\EBWebView\Default lastActive=2026-08-21T21:43:54.301Z
2026-08-21 21:45:54.887: [INFO] LastUsedProfileDir: C:\Users\legumimi\Desktop\Biel\FIAP\Ano2\OOP\FiapRide\fiap-poo\.metadata\.plugins\org.eclipse.swt\EBWebView\Default
2026-08-21 21:45:54.887: [INFO] MostRecentlyActiveProfile: name=Profile 1 path=C:\Users\legumimi\Desktop\Biel\FIAP\Ano2\OOP\FiapRide\fiap-poo\.metadata\.plugins\org.eclipse.swt\EBWebView\Default lastActive=2026-08-21T21:43:54.301Z
2026-08-21 21:45:54.887: [INFO] OnDoneLoading sync enabled: 0
2026-08-21 21:45:54.887: [INFO] BookmarkModelLoaded, ids_reassigned: 0
2026-08-21 21:45:54.887: [INFO] BookmarksLoadDropped droppedNodes=0
2026-08-21 21:45:54.887: [INFO] BookmarksSnapshot Startup total=0 bar=0 other=0 mobile=0 showBar=0 showBarNTP=1
2026-08-21 21:47:40.436: [INFO] BookmarksSnapshot Shutdown total=0 bar=0 other=0 mobile=0 showBar=0 showBarNTP=1
2026-08-21 21:48:38.283: [INFO] CurrentProfilePath: C:\Users\legumimi\Desktop\Biel\FIAP\Ano2\OOP\FiapRide\fiap-poo\.metadata\.plugins\org.eclipse.swt\EBWebView\Default
2026-08-21 21:48:38.283: [INFO] Profiles total count: 1
2026-08-21 21:48:38.283: [INFO] Profile: name=Profile 1 path=C:\Users\legumimi\Desktop\Biel\FIAP\Ano2\OOP\FiapRide\fiap-poo\.metadata\.plugins\org.eclipse.swt\EBWebView\Default lastActive=2026-08-21T21:47:37.347Z
2026-08-21 21:48:38.283: [INFO] LastUsedProfileDir: C:\Users\legumimi\Desktop\Biel\FIAP\Ano2\OOP\FiapRide\fiap-poo\.metadata\.plugins\org.eclipse.swt\EBWebView\Default
2026-08-21 21:48:38.283: [INFO] MostRecentlyActiveProfile: name=Profile 1 path=C:\Users\legumimi\Desktop\Biel\FIAP\Ano2\OOP\FiapRide\fiap-poo\.metadata\.plugins\org.eclipse.swt\EBWebView\Default lastActive=2026-08-21T21:47:37.347Z
2026-08-21 21:48:38.283: [INFO] OnDoneLoading sync enabled: 0
2026-08-21 21:48:38.283: [INFO] BookmarkModelLoaded, ids_reassigned: 0
2026-08-21 21:48:38.283: [INFO] BookmarksLoadDropped droppedNodes=0
2026-08-21 21:48:38.283: [INFO] BookmarksSnapshot Startup total=0 bar=0 other=0 mobile=0 showBar=0 showBarNTP=1
2026-08-21 21:53:29.739: [INFO] BookmarksSnapshot Shutdown total=0 bar=0 other=0 mobile=0 showBar=0 showBarNTP=1
2026-08-21 21:53:59.752: [INFO] CurrentProfilePath: C:\Users\legumimi\Desktop\Biel\FIAP\Ano2\OOP\FiapRide\fiap-poo\.metadata\.plugins\org.eclipse.swt\EBWebView\Default
2026-08-21 21:53:59.752: [INFO] Profiles total count: 1
2026-08-21 21:53:59.753: [INFO] Profile: name=Profile 1 path=C:\Users\legumimi\Desktop\Biel\FIAP\Ano2\OOP\FiapRide\fiap-poo\.metadata\.plugins\org.eclipse.swt\EBWebView\Default lastActive=2026-08-21T21:50:00.801Z
2026-08-21 21:53:59.753: [INFO] LastUsedProfileDir: C:\Users\legumimi\Desktop\Biel\FIAP\Ano2\OOP\FiapRide\fiap-poo\.metadata\.plugins\org.eclipse.swt\EBWebView\Default
2026-08-21 21:53:59.753: [INFO] MostRecentlyActiveProfile: name=Profile 1 path=C:\Users\legumimi\Desktop\Biel\FIAP\Ano2\OOP\FiapRide\fiap-poo\.metadata\.plugins\org.eclipse.swt\EBWebView\Default lastActive=2026-08-21T21:50:00.801Z
2026-08-21 21:53:59.753: [INFO] OnDoneLoading sync enabled: 0
2026-08-21 21:53:59.753: [INFO] BookmarkModelLoaded, ids_reassigned: 0
2026-08-21 21:53:59.753: [INFO] BookmarksLoadDropped droppedNodes=0
2026-08-21 21:53:59.753: [INFO] BookmarksSnapshot Startup total=0 bar=0 other=0 mobile=0 showBar=0 showBarNTP=1
2026-08-21 22:54:50.558: [INFO] BookmarksSnapshot Shutdown total=0 bar=0 other=0 mobile=0 showBar=0 showBarNTP=1
